// Jest Snapshot v1, https://goo.gl/fbAQLP

exports[`<GridTwoColum /> should render grid two column grid 1`] = `
.c1 {
  max-width: 120rem;
  margin: a auto;
  padding: 3.2rem;
}

.c0 {
  display: -webkit-box;
  display: -webkit-flex;
  display: -ms-flexbox;
  display: flex;
  -webkit-align-items: center;
  -webkit-box-align: center;
  -ms-flex-align: center;
  align-items: center;
  min-height: 100vh;
  color: #0a1128;
  background: #ffffff;
}

.c4 {
  color: #0a1128;
  font-size: 6.4rem;
  text-transform: uppercase;
}

.c5 {
  font-size: 2.4rem;
}

.c2 {
  display: grid;
  grid-template-columns: 1fr 2fr;
  gap: 3.2rem;
}

.c2 .c3 {
  margin-bottom: 4.0rem;
}

@media (max-width:768px) {
  .c4 {
    font-size: 4rem;
  }
}

@media (max-width:768px) {
  .c2 {
    grid-template-columns: 1fr;
    gap: 6.4rem;
    text-align: center;
  }
}

<div>
  <div
    class="c0"
  >
    <div
      class="c1"
    >
      <div
        class="c2"
      >
        <div
          class=""
        >
          <h1
            class="c3 c4"
          >
            Grid Two Columns
          </h1>
          <p
            class="c5"
          >
            Lorem, ipsum dolor sit amet consectetur adipisicing elit. Debitis nobis id possimus similique iste cumque dicta voluptatem consequatur obcaecati consectetur praesentium rem officiis perferendis vitae provident, cupiditate nesciunt, incidunt laudantium?
          </p>
        </div>
        <div
          class=""
        >
          <img
            alt="Grid Two Columns"
            class=""
            src="assets/images/javascript.svg"
          />
        </div>
      </div>
    </div>
  </div>
</div>
`;
