// Jest Snapshot v1, https://goo.gl/fbAQLP

exports[`<MenuLink /> should match snapshot 1`] = `
.c0 {
  display: block;
  -webkit-text-decoration: none;
  text-decoration: none;
  font-size: 1.6rem;
  padding: 1.6rem;
  color: #0a1128;
  position: relative;
}

.c0::after {
  content: '';
  position: absolute;
  bottom: 0.75rem;
  left: 50%;
  width: 0;
  height: 0.2rem;
  background: #dc143c;
  -webkit-transition-duration: 300ms;
  transition-duration: 300ms;
  -webkit-transition-timing-function: ease-in-out;
  transition-timing-function: ease-in-out;
  -webkit-transition-property: width left;
  transition-property: width left;
}

.c0:hover::after {
  left: 25%;
  width: 50%;
}

<a
  class="c0"
  href="http://localhost"
  target="_self"
>
  Children
</a>
`;
